[    0.000000] Initializing cgroup subsys cpuset
[    0.000000] Initializing cgroup subsys cpu
[    0.000000] Initializing cgroup subsys cpuacct
[    0.000000] Linux version 4.4.0-165-generic (buildd@lgw01-amd64-027) (gcc version 5.4.0 20160609 (Ubuntu 5.4.0-6ubuntu1~16.04.10) ) #193-Ubuntu SMP Tue Sep 17 17:42:52 UTC 2019 (Ubuntu 4.4.0-165.193-generic 4.4.189)
[    0.000000] Command line: BOOT_IMAGE=/boot/vmlinuz-4.4.0-165-generic root=LABEL=cloudimg-rootfs ro console=tty1 console=ttyS0
[    0.000000] KERNEL supported cpus:
[    0.000000]   Intel GenuineIntel
[    0.000000]   AMD AuthenticAMD
[    0.000000]   Centaur CentaurHauls
[    0.000000] x86/fpu: xstate_offset[2]:  576, xstate_sizes[2]:  256
[    0.000000] x86/fpu: Supporting XSAVE feature 0x01: 'x87 floating point registers'
[    0.000000] x86/fpu: Supporting XSAVE feature 0x02: 'SSE registers'
[    0.000000] x86/fpu: Supporting XSAVE feature 0x04: 'AVX registers'
[    0.000000] x86/fpu: Enabled xstate features 0x7, context size is 832 bytes, using 'standard' format.
[    0.000000] e820: BIOS-provided physical RAM map:
[    0.000000] BIOS-e820: [mem 0x0000000000000000-0x000000000009fbff] usable
[    0.000000] BIOS-e820: [mem 0x000000000009fc00-0x000000000009ffff] reserved
[    0.000000] BIOS-e820: [mem 0x00000000000f0000-0x00000000000fffff] reserved
[    0.000000] BIOS-e820: [mem 0x0000000000100000-0x000000003ffeffff] usable
[    0.000000] BIOS-e820: [mem 0x000000003fff0000-0x000000003fffffff] ACPI data
[    0.000000] BIOS-e820: [mem 0x00000000fec00000-0x00000000fec00fff] reserved
[    0.000000] BIOS-e820: [mem 0x00000000fee00000-0x00000000fee00fff] reserved
[    0.000000] BIOS-e820: [mem 0x00000000fffc0000-0x00000000ffffffff] reserved
[    0.000000] NX (Execute Disable) protection: active
[    0.000000] SMBIOS 2.5 present.
[    0.000000] Hypervisor detected: KVM
[    0.000000] e820: last_pfn = 0x3fff0 max_arch_pfn = 0x400000000
[    0.000000] MTRR: Disabled
[    0.000000] x86/PAT: MTRRs disabled, skipping PAT initialization too.
[    0.000000] CPU MTRRs all blank - virtualized system.
[    0.000000] x86/PAT: Configuration [0-7]: WB  WT  UC- UC  WB  WT  UC- UC  
[    0.000000] found SMP MP-table at [mem 0x0009fff0-0x0009ffff] mapped at [ffff88000009fff0]
[    0.000000] Scanning 1 areas for low memory corruption
[    0.000000] RAMDISK: [mem 0x362f6000-0x37172fff]
[    0.000000] ACPI: Early table checksum verification disabled
[    0.000000] ACPI: RSDP 0x00000000000E0000 000024 (v02 VBOX  )
[    0.000000] ACPI: XSDT 0x000000003FFF0030 00003C (v01 VBOX   VBOXXSDT 00000001 ASL  00000061)
[    0.000000] ACPI: FACP 0x000000003FFF00F0 0000F4 (v04 VBOX   VBOXFACP 00000001 ASL  00000061)
[    0.000000] ACPI: DSDT 0x000000003FFF0470 0022EA (v02 VBOX   VBOXBIOS 00000002 INTL 20190816)
[    0.000000] ACPI: FACS 0x000000003FFF0200 000040
[    0.000000] ACPI: FACS 0x000000003FFF0200 000040
[    0.000000] ACPI: APIC 0x000000003FFF0240 00005C (v02 VBOX   VBOXAPIC 00000001 ASL  00000061)
[    0.000000] ACPI: SSDT 0x000000003FFF02A0 0001CC (v01 VBOX   VBOXCPUT 00000002 INTL 20190816)
[    0.000000] No NUMA configuration found
[    0.000000] Faking a node at [mem 0x0000000000000000-0x000000003ffeffff]
[    0.000000] NODE_DATA(0) allocated [mem 0x3ffeb000-0x3ffeffff]
[    0.000000] kvm-clock: Using msrs 4b564d01 and 4b564d00
[    0.000000] kvm-clock: cpu 0, msr 0:3ffe3001, primary cpu clock
[    0.000000] kvm-clock: using sched offset of 3373371567 cycles
[    0.000000] clocksource: kvm-clock: mask: 0xffffffffffffffff max_cycles: 0x1cd42e4dffb, max_idle_ns: 881590591483 ns
[    0.000000] Zone ranges:
[    0.000000]   DMA      [mem 0x0000000000001000-0x0000000000ffffff]
[    0.000000]   DMA32    [mem 0x0000000001000000-0x000000003ffeffff]
[    0.000000]   Normal   empty
[    0.000000]   Device   empty
[    0.000000] Movable zone start for each node
[    0.000000] Early memory node ranges
[    0.000000]   node   0: [mem 0x0000000000001000-0x000000000009efff]
[    0.000000]   node   0: [mem 0x0000000000100000-0x000000003ffeffff]
[    0.000000] Initmem setup node 0 [mem 0x0000000000001000-0x000000003ffeffff]
[    0.000000] ACPI: PM-Timer IO Port: 0x4008
[    0.000000] IOAPIC[0]: apic_id 2, version 32, address 0xfec00000, GSI 0-23
[    0.000000] ACPI: INT_SRC_OVR (bus 0 bus_irq 0 global_irq 2 dfl dfl)
[    0.000000] ACPI: INT_SRC_OVR (bus 0 bus_irq 9 global_irq 9 low level)
[    0.000000] Using ACPI (MADT) for SMP configuration information
[    0.000000] smpboot: Allowing 2 CPUs, 0 hotplug CPUs
[    0.000000] PM: Registered nosave memory: [mem 0x00000000-0x00000fff]
[    0.000000] PM: Registered nosave memory: [mem 0x0009f000-0x0009ffff]
[    0.000000] PM: Registered nosave memory: [mem 0x000a0000-0x000effff]
[    0.000000] PM: Registered nosave memory: [mem 0x000f0000-0x000fffff]
[    0.000000] e820: [mem 0x40000000-0xfebfffff] available for PCI devices
[    0.000000] Booting paravirtualized kernel on KVM
[    0.000000] clocksource: refined-jiffies: mask: 0xffffffff max_cycles: 0xffffffff, max_idle_ns: 7645519600211568 ns
[    0.000000] setup_percpu: NR_CPUS:512 nr_cpumask_bits:512 nr_cpu_ids:2 nr_node_ids:1
[    0.000000] PERCPU: Embedded 34 pages/cpu @ffff88003fc00000 s99544 r8192 d31528 u1048576
[    0.000000] Built 1 zonelists in Node order, mobility grouping on.  Total pages: 257912
[    0.000000] Policy zone: DMA32
[    0.000000] Kernel command line: BOOT_IMAGE=/boot/vmlinuz-4.4.0-165-generic root=LABEL=cloudimg-rootfs ro console=tty1 console=ttyS0
[    0.000000] PID hash table entries: 4096 (order: 3, 32768 bytes)
[    0.000000] Memory: 997724K/1048120K available (8621K kernel code, 1335K rwdata, 4032K rodata, 1484K init, 1284K bss, 50396K reserved, 0K cma-reserved)
[    0.000000] SLUB: HWalign=64, Order=0-3, MinObjects=0, CPUs=2, Nodes=1
[    0.000000] Kernel/User page tables isolation: enabled
[    0.000000] Hierarchical RCU implementation.
[    0.000000] 	Build-time adjustment of leaf fanout to 64.
[    0.000000] 	RCU restricting CPUs from NR_CPUS=512 to nr_cpu_ids=2.
[    0.000000] RCU: Adjusting geometry for rcu_fanout_leaf=64, nr_cpu_ids=2
[    0.000000] NR_IRQS:33024 nr_irqs:440 16
[    0.000000] Console: colour VGA+ 80x25
[    0.000000] console [tty1] enabled
[    0.000000] console [ttyS0] enabled
[    0.000000] tsc: Detected 3411.126 MHz processor
[    0.131036] Calibrating delay loop (skipped) preset value.. 6822.25 BogoMIPS (lpj=13644504)
[    0.132640] pid_max: default: 32768 minimum: 301
[    0.133522] ACPI: Core revision 20150930
[    0.135342] ACPI: 2 ACPI AML tables successfully acquired and loaded
[    0.136628] Security Framework initialized
[    0.137409] Yama: becoming mindful.
[    0.138171] AppArmor: AppArmor initialized
[    0.139028] Dentry cache hash table entries: 131072 (order: 8, 1048576 bytes)
[    0.140877] Inode-cache hash table entries: 65536 (order: 7, 524288 bytes)
[    0.142171] Mount-cache hash table entries: 2048 (order: 2, 16384 bytes)
[    0.143329] Mountpoint-cache hash table entries: 2048 (order: 2, 16384 bytes)
[    0.144613] Initializing cgroup subsys io
[    0.145398] Initializing cgroup subsys memory
[    0.146247] Initializing cgroup subsys devices
[    0.147143] Initializing cgroup subsys freezer
[    0.147950] Initializing cgroup subsys net_cls
[    0.148806] Initializing cgroup subsys perf_event
[    0.149649] Initializing cgroup subsys net_prio
[    0.150556] Initializing cgroup subsys hugetlb
[    0.151449] Initializing cgroup subsys pids
[    0.152566] mce: CPU supports 0 MCE banks
[    0.153392] Last level iTLB entries: 4KB 512, 2MB 8, 4MB 8
[    0.154418] Last level dTLB entries: 4KB 512, 2MB 32, 4MB 32, 1GB 0
[    0.155510] Spectre V1 : Mitigation: usercopy/swapgs barriers and __user pointer sanitization
[    0.157041] Spectre V2 : Mitigation: Full generic retpoline
[    0.157989] Spectre V2 : Spectre v2 / SpectreRSB mitigation: Filling RSB on context switch
[    0.159556] Speculative Store Bypass: Vulnerable
[    0.160488] MDS: Mitigation: Clear CPU buffers
[    0.163905] Freeing SMP alternatives memory: 36K
[    0.170484] ftrace: allocating 32318 entries in 127 pages
[    0.229250] smpboot: APIC(0) Converting physical 0 to logical package 0
[    0.230465] smpboot: Max logical packages: 1
[    0.231464] x2apic enabled
[    0.232280] Switched APIC routing to physical x2apic.
[    0.234164] ..TIMER: vector=0x30 apic1=0 pin1=2 apic2=-1 pin2=-1
[    0.342668] smpboot: CPU0: Intel(R) Core(TM) i7-2600 CPU @ 3.40GHz (family: 0x6, model: 0x2a, stepping: 0x7)
[    0.344547] Performance Events: unsupported p6 CPU model 42 no PMU driver, software events only.
[    0.357719] KVM setup paravirtual spinlock
[    0.359374] x86: Booting SMP configuration:
[    0.360133] .... node  #0, CPUs:      #1
[    0.360937] kvm-clock: cpu 1, msr 0:3ffe3041, secondary cpu clock
[    0.362015] mce: CPU supports 0 MCE banks
[    0.364690] x86: Booted up 1 node, 2 CPUs
[    0.365646] smpboot: Total of 2 processors activated (13644.50 BogoMIPS)
[    0.367133] devtmpfs: initialized
[    0.370322] evm: security.selinux
[    0.371051] evm: security.SMACK64
[    0.371705] evm: security.SMACK64EXEC
[    0.372436] evm: security.SMACK64TRANSMUTE
[    0.373261] evm: security.SMACK64MMAP
[    0.373973] evm: security.ima
[    0.374622] evm: security.capability
[    0.375553] clocksource: jiffies: mask: 0xffffffff max_cycles: 0xffffffff, max_idle_ns: 7645041785100000 ns
[    0.377213] futex hash table entries: 512 (order: 3, 32768 bytes)
[    0.378435] pinctrl core: initialized pinctrl subsystem
[    0.379476] RTC time: 20:06:37, date: 10/21/19
[    0.380420] NET: Registered protocol family 16
[    0.390221] cpuidle: using governor ladder
[    0.402309] cpuidle: using governor menu
[    0.403158] PCCT header not found.
[    0.403913] ACPI: bus type PCI registered
[    0.404676] acpiphp: ACPI Hot Plug PCI Controller Driver version: 0.5
[    0.406123] PCI: Using configuration type 1 for base access
[    0.420243] ACPI: Added _OSI(Module Device)
[    0.421082] ACPI: Added _OSI(Processor Device)
[    0.421876] ACPI: Added _OSI(3.0 _SCP Extensions)
[    0.422747] ACPI: Added _OSI(Processor Aggregator Device)
[    0.424283] ACPI: Executed 1 blocks of module-level executable AML code
[    0.427180] ACPI: Interpreter enabled
[    0.427895] ACPI: (supports S0 S5)
[    0.428550] ACPI: Using IOAPIC for interrupt routing
[    0.429673] PCI: Using host bridge windows from ACPI; if necessary, use "pci=nocrs" and report a bug
[    0.434714] ACPI: PCI Root Bridge [PCI0] (domain 0000 [bus 00-ff])
[    0.435777] acpi PNP0A03:00: _OSC: OS supports [ASPM ClockPM Segments MSI]
[    0.437172] acpi PNP0A03:00: _OSC: not requesting OS control; OS requires [ExtendedConfig ASPM ClockPM MSI]
[    0.438863] acpi PNP0A03:00: fail to add MMCONFIG information, can't access extended PCI configuration space under this bridge.
[    0.440995] PCI host bridge to bus 0000:00
[    0.441735] pci_bus 0000:00: root bus resource [io  0x0000-0x0cf7 window]
[    0.442889] pci_bus 0000:00: root bus resource [io  0x0d00-0xffff window]
[    0.443969] pci_bus 0000:00: root bus resource [mem 0x000a0000-0x000bffff window]
[    0.445337] pci_bus 0000:00: root bus resource [mem 0x40000000-0xfdffffff window]
[    0.446688] pci_bus 0000:00: root bus resource [bus 00-ff]
[    0.449647] pci 0000:00:01.1: legacy IDE quirk: reg 0x10: [io  0x01f0-0x01f7]
[    0.450904] pci 0000:00:01.1: legacy IDE quirk: reg 0x14: [io  0x03f6]
[    0.452092] pci 0000:00:01.1: legacy IDE quirk: reg 0x18: [io  0x0170-0x0177]
[    0.453258] pci 0000:00:01.1: legacy IDE quirk: reg 0x1c: [io  0x0376]
[    0.477651] pci 0000:00:07.0: quirk: [io  0x4000-0x403f] claimed by PIIX4 ACPI
[    0.479342] pci 0000:00:07.0: quirk: [io  0x4100-0x410f] claimed by PIIX4 SMB
[    0.492241] ACPI: PCI Interrupt Link [LNKA] (IRQs 5 9 10 *11)
[    0.494567] ACPI: PCI Interrupt Link [LNKB] (IRQs 5 9 *10 11)
[    0.496704] ACPI: PCI Interrupt Link [LNKC] (IRQs 5 *9 10 11)
[    0.498846] ACPI: PCI Interrupt Link [LNKD] (IRQs 5 9 10 *11)
[    0.500619] ACPI: Enabled 2 GPEs in block 00 to 07
[    0.502266] vgaarb: setting as boot device: PCI:0000:00:02.0
[    0.503251] vgaarb: device added: PCI:0000:00:02.0,decodes=io+mem,owns=io+mem,locks=none
[    0.504667] vgaarb: loaded
[    0.505281] vgaarb: bridge control possible 0000:00:02.0
[    0.506502] SCSI subsystem initialized
[    0.507391] ACPI: bus type USB registered
[    0.508173] usbcore: registered new interface driver usbfs
[    0.509128] usbcore: registered new interface driver hub
[    0.510167] usbcore: registered new device driver usb
[    0.511736] PCI: Using ACPI for IRQ routing
[    0.513098] NetLabel: Initializing
[    0.513814] NetLabel:  domain hash size = 128
[    0.514640] NetLabel:  protocols = UNLABELED CIPSOv4
[    0.515968] NetLabel:  unlabeled traffic allowed by default
[    0.517142] amd_nb: Cannot enumerate AMD northbridges
[    0.518225] clocksource: Switched to clocksource kvm-clock
[    0.525290] AppArmor: AppArmor Filesystem Enabled
[    0.526711] pnp: PnP ACPI init
[    0.528204] pnp: PnP ACPI: found 3 devices
[    0.539322] clocksource: acpi_pm: mask: 0xffffff max_cycles: 0xffffff, max_idle_ns: 2085701024 ns
[    0.541090] NET: Registered protocol family 2
[    0.542200] TCP established hash table entries: 8192 (order: 4, 65536 bytes)
[    0.543513] TCP bind hash table entries: 8192 (order: 5, 131072 bytes)
[    0.544666] TCP: Hash tables configured (established 8192 bind 8192)
[    0.545772] UDP hash table entries: 512 (order: 2, 16384 bytes)
[    0.546840] UDP-Lite hash table entries: 512 (order: 2, 16384 bytes)
[    0.547920] NET: Registered protocol family 1
[    0.548785] pci 0000:00:00.0: Limiting direct PCI/PCI transfers
[    0.549859] pci 0000:00:01.0: Activating ISA DMA hang workarounds
[    0.551122] Unpacking initramfs...
[    0.749455] Freeing initrd memory: 14836K
[    0.750984] RAPL PMU detected, API unit is 2^-32 Joules, 3 fixed counters 10737418240 ms ovfl timer
[    0.754003] hw unit of domain pp0-core 2^-0 Joules
[    0.755416] hw unit of domain package 2^-0 Joules
[    0.756735] hw unit of domain pp1-gpu 2^-0 Joules
[    0.758165] clocksource: tsc: mask: 0xffffffffffffffff max_cycles: 0x312b5d0590b, max_idle_ns: 440795367236 ns
[    0.761023] platform rtc_cmos: registered platform RTC device (no PNP device found)
[    0.763445] Scanning for low memory corruption every 60 seconds
[    0.765473] audit: initializing netlink subsys (disabled)
[    0.766966] audit: type=2000 audit(1571688402.709:1): initialized
[    0.769348] Initialise system trusted keyring
[    0.770862] HugeTLB registered 2 MB page size, pre-allocated 0 pages
[    0.774511] zbud: loaded
[    0.776121] VFS: Disk quotas dquot_6.6.0
[    0.777390] VFS: Dquot-cache hash table entries: 512 (order 0, 4096 bytes)
[    0.779550] squashfs: version 4.0 (2009/01/31) Phillip Lougher
[    0.781565] fuse init (API version 7.23)
[    0.782580] Key type big_key registered
[    0.783405] Allocating IMA MOK and blacklist keyrings.
[    0.786103] Key type asymmetric registered
[    0.787185] Asymmetric key parser 'x509' registered
[    0.788138] Block layer SCSI generic (bsg) driver version 0.4 loaded (major 249)
[    0.789975] io scheduler noop registered
[    0.790807] io scheduler deadline registered (default)
[    0.791814] io scheduler cfq registered
[    0.792693] pci_hotplug: PCI Hot Plug PCI Core version: 0.5
[    0.793659] pciehp: PCI Express Hot Plug Controller Driver version: 0.4
[    0.794950] ACPI: AC Adapter [AC] (on-line)
[    0.795809] input: Power Button as /devices/LNXSYSTM:00/LNXPWRBN:00/input/input0
[    0.797221] ACPI: Power Button [PWRF]
[    0.798020] input: Sleep Button as /devices/LNXSYSTM:00/LNXSLPBN:00/input/input1
[    0.799540] ACPI: Sleep Button [SLPF]
[    0.800443] GHES: HEST is not enabled!
[    0.801746] Serial: 8250/16550 driver, 32 ports, IRQ sharing enabled
[    0.823588] 00:02: ttyS0 at I/O 0x3f8 (irq = 4, base_baud = 115200) is a 16550A
[    0.829895] Linux agpgart interface v0.103
[    0.832544] loop: module loaded
[    0.833774] scsi host0: ata_piix
[    0.834715] scsi host1: ata_piix
[    0.835832] ata1: PATA max UDMA/33 cmd 0x1f0 ctl 0x3f6 bmdma 0xd000 irq 14
[    0.837504] ata2: PATA max UDMA/33 cmd 0x170 ctl 0x376 bmdma 0xd008 irq 15
[    0.839504] libphy: Fixed MDIO Bus: probed
[    0.840790] tun: Universal TUN/TAP device driver, 1.6
[    0.842253] tun: (C) 1999-2004 Max Krasnyansky <maxk@qualcomm.com>
[    0.844011] PPP generic driver version 2.4.2
[    0.845379] ehci_hcd: USB 2.0 'Enhanced' Host Controller (EHCI) Driver
[    0.847096] ehci-pci: EHCI PCI platform driver
[    0.848416] ehci-platform: EHCI generic platform driver
[    0.849920] ohci_hcd: USB 1.1 'Open' Host Controller (OHCI) Driver
[    0.851564] ohci-pci: OHCI PCI platform driver
[    0.853248] ohci-platform: OHCI generic platform driver
[    0.854760] uhci_hcd: USB Universal Host Controller Interface driver
[    0.856533] i8042: PNP: PS/2 Controller [PNP0303:PS2K,PNP0f03:PS2M] at 0x60,0x64 irq 1,12
[    0.859477] serio: i8042 KBD port at 0x60,0x64 irq 1
[    0.860877] serio: i8042 AUX port at 0x60,0x64 irq 12
[    0.862429] mousedev: PS/2 mouse device common for all mice
[    0.865459] input: AT Translated Set 2 keyboard as /devices/platform/i8042/serio0/input/input2
[    0.868048] rtc_cmos rtc_cmos: rtc core: registered rtc_cmos as rtc0
[    0.869778] rtc_cmos rtc_cmos: alarms up to one day, 114 bytes nvram
[    0.871572] i2c /dev entries driver
[    0.872718] device-mapper: uevent: version 1.0.3
[    0.874162] device-mapper: ioctl: 4.34.0-ioctl (2015-10-28) initialised: dm-devel@redhat.com
[    0.876582] ledtrig-cpu: registered to indicate activity on CPUs
[    0.878876] NET: Registered protocol family 10
[    0.880426] NET: Registered protocol family 17
[    0.881684] Key type dns_resolver registered
[    0.883544] registered taskstats version 1
[    0.884728] Loading compiled-in X.509 certificates
[    0.886435] Loaded X.509 cert 'Build time autogenerated kernel key: 0ed82eac04367aa6426493b1389455ebf6830eaa'
[    0.888131] zswap: loaded using pool lzo/zbud
[    0.891066] Key type trusted registered
[    0.897202] Key type encrypted registered
[    0.898420] AppArmor: AppArmor sha1 policy hashing enabled
[    0.899828] ima: No TPM chip found, activating TPM-bypass!
[    0.901358] ima: Allocated hash algorithm: sha1
[    0.902692] evm: HMAC attrs: 0x1
[    0.904127]   Magic number: 7:789:144
[    0.905223] ata_port ata1: hash matches
[    0.906369]  ata1: hash matches
[    0.907544] rtc_cmos rtc_cmos: setting system clock to 2019-10-21 20:06:38 UTC (1571688398)
[    0.910009] BIOS EDD facility v0.16 2004-Jun-25, 0 devices found
[    0.911626] EDD information not available.
[    0.996483] Freeing unused kernel memory: 1484K
[    0.997996] Write protecting the kernel read-only data: 14336k
[    1.000948] Freeing unused kernel memory: 1608K
[    1.003403] Freeing unused kernel memory: 64K
Loading, please wait...
starting version 229
[    1.022093] random: systemd-udevd: uninitialized urandom read (16 bytes read, 2 bits of entropy available)
[    1.023545] random: udevadm: uninitialized urandom read (16 bytes read, 2 bits of entropy available)
[    1.023593] random: udevadm: uninitialized urandom read (16 bytes read, 2 bits of entropy available)
[    1.031718] random: systemd-udevd: uninitialized urandom read (16 bytes read, 2 bits of entropy available)
[    1.034338] random: systemd-udevd: uninitialized urandom read (16 bytes read, 2 bits of entropy available)
[    1.037221] random: systemd-udevd: uninitialized urandom read (16 bytes read, 2 bits of entropy available)
[    1.041010] random: udevadm: uninitialized urandom read (16 bytes read, 2 bits of entropy available)
[    1.041356] random: systemd-udevd: uninitialized urandom read (16 bytes read, 2 bits of entropy available)
[    1.041384] random: systemd-udevd: uninitialized urandom read (16 bytes read, 2 bits of entropy available)
[    1.041400] random: systemd-udevd: uninitialized urandom read (16 bytes read, 2 bits of entropy available)
[    1.098814] e1000: Intel(R) PRO/1000 Network Driver - version 7.3.21-k8-NAPI
[    1.100695] e1000: Copyright (c) 1999-2006 Intel Corporation.
[    1.105428] Fusion MPT base driver 3.04.20
[    1.106434] Copyright (c) 1999-2008 LSI Corporation
[    1.127534] Fusion MPT SPI Host driver 3.04.20
[    1.130854] AVX version of gcm_enc/dec engaged.
[    1.132296] AES CTR mode by8 optimization enabled
[    1.331093] input: ImExPS/2 Generic Explorer Mouse as /devices/platform/i8042/serio1/input/input4
[    1.483573] e1000 0000:00:03.0 eth0: (PCI:33MHz:32-bit) 02:b6:26:2d:10:3c
[    1.485065] e1000 0000:00:03.0 eth0: Intel(R) PRO/1000 Network Connection
[    1.487173] mptbase: ioc0: Initiating bringup
[    1.561255] ioc0: LSI53C1030 A0: Capabilities={Initiator}
[    1.793679] scsi host2: ioc0: LSI53C1030 A0, FwRev=00000000h, Ports=1, MaxQ=256, IRQ=20
[    1.931631] scsi 2:0:0:0: Direct-Access     VBOX     HARDDISK         1.0  PQ: 0 ANSI: 5
[    1.935179] scsi target2:0:0: Beginning Domain Validation
[    1.941044] scsi target2:0:0: Domain Validation skipping write tests
[    1.942190] scsi target2:0:0: Ending Domain Validation
[    1.943234] scsi target2:0:0: asynchronous
[    1.945533] scsi 2:0:1:0: Direct-Access     VBOX     HARDDISK         1.0  PQ: 0 ANSI: 5
[    1.956286] scsi target2:0:1: Beginning Domain Validation
[    1.958677] scsi target2:0:1: Domain Validation skipping write tests
[    1.959744] scsi target2:0:1: Ending Domain Validation
[    1.960698] scsi target2:0:1: asynchronous
[    1.966194] sd 2:0:0:0: [sda] 20971520 512-byte logical blocks: (10.7 GB/10.0 GiB)
[    1.966458] sd 2:0:0:0: Attached scsi generic sg0 type 0
[    1.966606] sd 2:0:1:0: Attached scsi generic sg1 type 0
[    1.968921] sd 2:0:1:0: [sdb] 20480 512-byte logical blocks: (10.5 MB/10.0 MiB)
[    1.975581] sd 2:0:1:0: [sdb] Write Protect is off
[    1.977060] sd 2:0:1:0: [sdb] Incomplete mode parameter data
[    1.978761] sd 2:0:1:0: [sdb] Assuming drive cache: write through
[    1.980552] sd 2:0:0:0: [sda] Write Protect is off
[    1.982757] sd 2:0:0:0: [sda] Incomplete mode parameter data
[    1.984415] sd 2:0:0:0: [sda] Assuming drive cache: write through
[    2.020957]  sda: sda1
[    2.023269] sd 2:0:1:0: [sdb] Attached SCSI disk
[    2.024889] sd 2:0:0:0: [sda] Attached SCSI disk
[    2.304223] e1000 0000:00:08.0 eth1: (PCI:33MHz:32-bit) 08:00:27:27:95:d1
[    2.305648] e1000 0000:00:08.0 eth1: Intel(R) PRO/1000 Network Connection
[    2.308290] e1000 0000:00:08.0 enp0s8: renamed from eth1
[    2.318746] e1000 0000:00:03.0 enp0s3: renamed from eth0
Begin: Loading essential drivers ... [    3.641557] md: linear personality registered for level -1
[    3.646367] md: multipath personality registered for level -4
[    3.651208] md: raid0 personality registered for level 0
[    3.657909] md: raid1 personality registered for level 1
[    3.740839] raid6: sse2x1   gen() 10488 MB/s
[    3.810847] raid6: sse2x1   xor()  7774 MB/s
[    3.880876] raid6: sse2x2   gen() 11137 MB/s
[    3.950794] raid6: sse2x2   xor()  8338 MB/s
[    4.020823] raid6: sse2x4   gen() 14285 MB/s
[    4.090774] raid6: sse2x4   xor() 10950 MB/s
[    4.092166] raid6: using algorithm sse2x4 gen() 14285 MB/s
[    4.093595] raid6: .... xor() 10950 MB/s, rmw enabled
[    4.095008] raid6: using ssse3x2 recovery algorithm
[    4.098161] xor: automatically using best checksumming function:
[    4.138247]    avx       : 24151.000 MB/sec
[    4.140894] async_tx: api initialized (async)
[    4.154310] md: raid6 personality registered for level 6
[    4.155280] md: raid5 personality registered for level 5
[    4.156160] md: raid4 personality registered for level 4
[    4.166474] md: raid10 personality registered for level 10
done.
Begin: Running /scripts/init-premount ... done.
Begin: Mounting root file system ... Begin: Running /scripts/local-top ... done.
Begin: Running /scripts/local-premount ... [    4.206487] Btrfs loaded
Scanning for Btrfs filesystems
done.
Warning: fsck not present, so skipping root file system
[    4.261824] EXT4-fs (sda1): mounted filesystem with ordered data mode. Opts: (null)
done.
Begin: Running /scripts/local-bottom ... done.
Begin: Running /scripts/init-bottom ... done.
[    4.681018] systemd[1]: systemd 229 running in system mode. (+PAM +AUDIT +SELINUX +IMA +APPARMOR +SMACK +SYSVINIT +UTMP +LIBCRYPTSETUP +GCRYPT +GNUTLS +ACL +XZ -LZ4 +SECCOMP +BLKID +ELFUTILS +KMOD -IDN)
[    4.687950] systemd[1]: Detected virtualization oracle.
[    4.689411] systemd[1]: Detected architecture x86-64.

Welcome to [1mUbuntu 16.04.6 LTS[0m!

[    4.737927] systemd[1]: Set hostname to <ubuntu-xenial>.
[    5.386903] systemd[1]: Listening on Device-mapper event daemon FIFOs.
[[0;32m  OK  [0m] Listening on Device-mapper event daemon FIFOs.
[    5.390640] systemd[1]: Started Forward Password Requests to Wall Directory Watch.
[[0;32m  OK  [0m] Started Forward Password Requests to Wall Directory Watch.
[    5.393595] systemd[1]: Listening on Journal Audit Socket.
[[0;32m  OK  [0m] Listening on Journal Audit Socket.
[    5.395746] systemd[1]: Reached target Encrypted Volumes.
[[0;32m  OK  [0m] Reached target Encrypted Volumes.
[    5.397864] systemd[1]: Listening on udev Kernel Socket.
[[0;32m  OK  [0m] Listening on udev Kernel Socket.
[    5.399822] systemd[1]: Reached target User and Group Name Lookups.
[[0;32m  OK  [0m] Reached target User and Group Name Lookups.
[    5.402162] systemd[1]: Listening on Syslog Socket.
[[0;32m  OK  [0m] Listening on Syslog Socket.
[    5.404944] systemd[1]: Listening on LVM2 metadata daemon socket.
[[0;32m  OK  [0m] Listening on LVM2 metadata daemon socket.
[    5.407968] systemd[1]: Reached target System Time Synchronized.
[[0;32m  OK  [0m] Reached target System Time Synchronized.
[    5.411037] systemd[1]: Listening on udev Control Socket.
[[0;32m  OK  [0m] Listening on udev Control Socket.
[    5.413936] systemd[1]: Started Trigger resolvconf update for networkd DNS.
[[0;32m  OK  [0m] Started Trigger resolvconf update for networkd DNS.
[    5.417320] systemd[1]: Listening on Journal Socket (/dev/log).
[[0;32m  OK  [0m] Listening on Journal Socket (/dev/log).
[    5.420578] systemd[1]: Set up automount Arbitrary Executable File Formats File System Automount Point.
[[0;32m  OK  [0m] Set up automount Arbitrary Executab...ats File System Automount Point.
[    5.425611] systemd[1]: Created slice System Slice.
[[0;32m  OK  [0m] Created slice System Slice.
[    5.430221] systemd[1]: Created slice system-serial\x2dgetty.slice.
[[0;32m  OK  [0m] Created slice system-serial\x2dgetty.slice.
[    5.433448] systemd[1]: Listening on Journal Socket.
[[0;32m  OK  [0m] Listening on Journal Socket.
[    5.446468] systemd[1]: Mounting POSIX Message Queue File System...
         Mounting POSIX Message Queue File System...
[    5.451725] systemd[1]: Mounting Debug File System...
         Mounting Debug File System...
[    5.455708] systemd[1]: Starting Journal Service...
         Starting Journal Service...
[    5.459790] systemd[1]: Starting Create list of required static device nodes for the current kernel...
         Starting Create list of required st... nodes for the current kernel...
[    5.465396] systemd[1]: Starting Uncomplicated firewall...
         Starting Uncomplicated firewall...
[    5.470633] systemd[1]: Starting Remount Root and Kernel File Systems...
         Starting Remount Root and Kernel File Systems...
[    5.475383] systemd[1]: Starting Nameserver information manager...
         Starting Nameserver information manager...
[    5.511103] random: nonblocking pool is initialized
[    5.518653] systemd[1]: Starting Load Kernel Modules...
         Starting Load Kernel Modules...
[    5.523703] systemd[1]: Starting Set console keymap...
         Starting Set console keymap...
[    5.526411] systemd[1]: Listening on /dev/initctl Compatibility Named Pipe.
[[0;32m  OK  [0m] Listening on /dev/initctl Compatibility Named Pipe.
[    5.530644] systemd[1]: Mounting Huge Pages File System...
         Mounting Huge Pages File System...
[    5.533115] systemd[1]: Listening on LVM2 poll daemon socket.
[[0;32m  OK  [0m] Listening on LVM2 poll daemon socket.
[    5.539009] systemd[1]: Starting Monitoring of LVM2 mirrors, snapshots etc. using dmeventd or progress polling...
         Starting Monitoring of LVM2 mirrors... dmeventd or progress polling...
[    5.542885] systemd[1]: Created slice User and Session Slice.
[[0;32m  OK  [0m] Created slice User and Session Slice.
[    5.544879] systemd[1]: Reached target Slices.
[[0;32m  OK  [0m] Reached target Slices.
[    5.546567] systemd[1]: Reached target Swap.
[[0;32m  OK  [0m] Reached target Swap.
[    5.550714] systemd[1]: Started Create list of required static device nodes for the current kernel.
[[0;32m  OK  [0m] Started Create list of required sta...ce nodes for the current kernel.
[    5.555397] systemd[1]: Started Uncomplicated firewall.
[[0;32m  OK  [0m] Started Uncomplicated firewall.
[    5.594587] systemd[1]: Starting Create Static Device Nodes in /dev...
         Starting Create Static Device Nodes in /dev...
[    5.651796] Loading iSCSI transport class v2.0-870.
[    5.674747] EXT4-fs (sda1): re-mounted. Opts: (null)
[    5.674818] systemd[1]: Mounted POSIX Message Queue File System.
[[0;32m  OK  [0m] Mounted POSIX Message Queue File System.
[    5.680281] systemd[1]: Mounted Huge Pages File System.
[[0;32m  OK  [0m] Mounted Huge Pages File System.
[    5.684087] systemd[1]: Mounted Debug File System.
[[0;32m  OK  [0m] Mounted Debug File System.
[    5.688622] systemd[1]: Started Remount Root and Kernel File Systems.
[[0;32m  OK  [0m] Started Remount Root and Kernel File Systems.
[    5.714150] iscsi: registered transport (tcp)
[    5.725053] systemd[1]: Starting udev Coldplug all Devices...
         Starting udev Coldplug all Devices...
[    5.728561] systemd[1]: Starting Load/Save Random Seed...
         Starting Load/Save Random Seed...
[    5.807076] systemd[1]: Started Nameserver information manager.
[[0;32m  OK  [0m] Started Nameserver information manager.
[    5.814346] systemd[1]: Started Load/Save Random Seed.
[[0;32m  OK  [0m] Started Load/Save Random Seed.
[    5.819390] systemd[1]: Started Journal Service.
[[0;32m  OK  [0m] Started Journal Service.
         Starting Flush Journal to Persistent Storage...
[[0;32m  OK  [0m] Started udev Coldplug all Devices.
[[0;32m  OK  [0m] Started LVM2 metadata daemon.
[    5.982239] systemd-journald[390]: Received request to flush runtime journal from PID 1
[[0;32m  OK  [0m] Started Flush Journal to Persistent Storage.
[[0;32m  OK  [0m] Started Set console keymap.
[    6.062472] iscsi: registered transport (iser)
[[0;32m  OK  [0m] Started Load Kernel Modules.
         Mounting FUSE Control File System...
         Starting Apply Kernel Variables...
[[0;32m  OK  [0m] Mounted FUSE Control File System.
[[0;32m  OK  [0m] Started Apply Kernel Variables.
[[0;32m  OK  [0m] Started Monitoring of LVM2 mirrors,...ng dmeventd or progress polling.
[[0;32m  OK  [0m] Started Create Static Device Nodes in /dev.
         Starting udev Kernel Device Manager...
[[0;32m  OK  [0m] Reached target Local File Systems (Pre).
[[0;32m  OK  [0m] Reached target Local File Systems.
         Starting Initial cloud-init job (pre-networking)...
         Starting Create Volatile Files and Directories...
         Starting LSB: AppArmor initialization...
         Starting Tell Plymouth To Write Out Runtime Data...
         Starting Set console font and keymap...
[[0;32m  OK  [0m] Started Tell Plymouth To Write Out Runtime Data.
[[0;32m  OK  [0m] Started Create Volatile Files and Directories.
         Starting Update UTMP about System Boot/Shutdown...
[[0;32m  OK  [0m] Started Update UTMP about System Boot/Shutdown.
[[0;32m  OK  [0m] Started udev Kernel Device Manager.
[[0;32m  OK  [0m] Started Dispatch Password Requests to Console Directory Watch.
[[0;32m  OK  [0m] Started Set console font and keymap.
[[0;32m  OK  [0m] Created slice system-getty.slice.
[[0;32m  OK  [0m] Found device /dev/ttyS0.
[[0;32m  OK  [0m] Listening on Load/Save RF Kill Switch Status /dev/rfkill Watch.
[[0;32m  OK  [0m] Found device 82540EM Gigabit Ethern...r (PRO/1000 MT Desktop Adapter).
[[0;32m  OK  [0m] Found device 82540EM Gigabit Ethern...r (PRO/1000 MT Desktop Adapter).
[[0;32m  OK  [0m] Started LSB: AppArmor initialization.
[    9.830464] cloud-init[482]: Cloud-init v. 19.2-36-g059d049c-0ubuntu2~16.04.1 running 'init-local' at Mon, 21 Oct 2019 20:06:47 +0000. Up 9.26 seconds.
[[0;32m  OK  [0m] Started Initial cloud-init job (pre-networking).
[[0;32m  OK  [0m] Reached target Network (Pre).
[[0;32m  OK  [0m] Started ifup for enp0s8.
         Starting Raise network interfaces...
[[0;32m  OK  [0m] Started ifup for enp0s3.
[[0;32m  OK  [0m] Started Raise network interfaces.
[[0;32m  OK  [0m] Reached target Network.
         Starting Initial cloud-init job (metadata service crawler)...
[   10.957887] cloud-init[1102]: Cloud-init v. 19.2-36-g059d049c-0ubuntu2~16.04.1 running 'init' at Mon, 21 Oct 2019 20:06:48 +0000. Up 10.49 seconds.
[   10.961027] cloud-init[1102]: ci-info: ++++++++++++++++++++++++++++++++++++++Net device info+++++++++++++++++++++++++++++++++++++++
[   10.968117] cloud-init[1102]: ci-info: +--------+------+-----------------------------+---------------+--------+-------------------+
[   10.970685] cloud-init[1102]: ci-info: | Device |  Up  |           Address           |      Mask     | Scope  |     Hw-Address    |
[   10.973226] cloud-init[1102]: ci-info: +--------+------+-----------------------------+---------------+--------+-------------------+
[   10.975942] cloud-init[1102]: ci-info: | enp0s3 | True |          10.0.2.15          | 255.255.255.0 | global | 02:b6:26:2d:10:3c |
[   10.978036] cloud-init[1102]: ci-info: | enp0s3 | True |  fe80::b6:26ff:fe2d:103c/64 |       .       |  link  | 02:b6:26:2d:10:3c |
[   10.980404] cloud-init[1102]: ci-info: | enp0s8 | True |        192.168.33.10        | 255.255.255.0 | global | 08:00:27:27:95:d1 |
[   10.982754] cloud-init[1102]: ci-info: | enp0s8 | True | fe80::a00:27ff:fe27:95d1/64 |       .       |  link  | 08:00:27:27:95:d1 |
[   10.985202] cloud-init[1102]: ci-info: |   lo   | True |          127.0.0.1          |   255.0.0.0   |  host  |         .         |
[   10.988090] cloud-init[1102]: ci-info: |   lo   | True |           ::1/128           |       .       |  host  |         .         |
[   10.990886] cloud-init[1102]: ci-info: +--------+------+-----------------------------+---------------+--------+-------------------+
[   10.993769] cloud-init[1102]: ci-info: ++++++++++++++++++++++++++++Route IPv4 info++++++++++++++++++++++++++++
[   10.996258] cloud-init[1102]: ci-info: +-------+--------------+----------+---------------+-----------+-------+
[   10.998831] cloud-init[1102]: ci-info: | Route | Destination  | Gateway  |    Genmask    | Interface | Flags |
[   11.001128] cloud-init[1102]: ci-info: +-------+--------------+----------+---------------+-----------+-------+
[   11.003575] cloud-init[1102]: ci-info: |   0   |   0.0.0.0    | 10.0.2.2 |    0.0.0.0    |   enp0s3  |   UG  |
[   11.006040] cloud-init[1102]: ci-info: |   1   |   10.0.2.0   | 0.0.0.0  | 255.255.255.0 |   enp0s3  |   U   |
[   11.008545] cloud-init[1102]: ci-info: |   2   | 192.168.33.0 | 0.0.0.0  | 255.255.255.0 |   enp0s8  |   U   |
[   11.011055] cloud-init[1102]: ci-info: +-------+--------------+----------+---------------+-----------+-------+
[   11.013568] cloud-init[1102]: ci-info: +++++++++++++++++++Route IPv6 info+++++++++++++++++++
[   11.015658] cloud-init[1102]: ci-info: +-------+-------------+---------+-----------+-------+[[0;32m  OK  [0m] Started Initial cloud-init job (metadata service crawler).
[[0;32m  OK  [0m] Reached target System Initialization.
[[0;32m  OK  [0m
[   11.020438] cloud-init[1102]: ci-info: | Route | Destination | Gateway | Interface | Flags |
[   11.020537] cloud-init[1102]: ci-info: +-------+-------------+---------+-----------+-------+
[   11.022229] cloud-init[1102]: ci-info: |   0   |  fe80::/64  |    ::   |   enp0s8  |   U   |
[   11.023404] cloud-init[1102]: ci-info: |   1   |  fe80::/64  |    ::   |   enp0s3  |   U   |
[   11.024826] cloud-init[1102]: ci-info: |   4   |   ff00::/8  |    ::   |   enp0s8  |   U   |
[   11.026031] cloud-init[1102]: ci-info: |   5   |   ff00::/8  |    ::   |   enp0s3  |   U   |
[   11.027511] cloud-init[1102]: ci-info: +-------+-------------+---------+-----------+-------+
] Started Daily Cleanup of Temporary Directories.
[[0;32m  OK  [0m] Started ACPI Events Check.
[[0;32m  OK  [0m] Reached target Paths.
[[0;32m  OK  [0m] Listening on UUID daemon activation socket.
         Starting LXD - unix socket.
[[0;32m  OK  [0m] Listening on D-Bus System Message Bus Socket.
         Starting Socket activation for snappy daemon.
[[0;32m  OK  [0m] Started Message of the Day.
[[0;32m  OK  [0m] Listening on ACPID Listen Socket.
[[0;32m  OK  [0m] Started Daily apt download activities.
[[0;32m  OK  [0m] Started Daily apt upgrade and clean activities.
[[0;32m  OK  [0m] Reached target Timers.
[[0;32m  OK  [0m] Reached target Cloud-config availability.
[[0;32m  OK  [0m] Reached target Network is Online.
         Starting iSCSI initiator daemon (iscsid)...
[[0;32m  OK  [0m] Listening on LXD - unix socket.
[[0;32m  OK  [0m] Listening on Socket activation for snappy daemon.
[[0;32m  OK  [0m] Reached target Sockets.
[[0;32m  OK  [0m] Reached target Basic System.
[[0;32m  OK  [0m] Started D-Bus System Message Bus.
         Starting Login Service...
[[0;32m  OK  [0m] Started MongoDB Database Server.
[[0;32m  OK  [0m] Started Deferred execution scheduler.
         Starting System Logging Service...
         Starting LSB: Record successful boot for GRUB...
[[0;32m  OK  [0m] Started FUSE filesystem for LXC.
[[0;32m  OK  [0m] Started ACPI event daemon.
         Starting OpenBSD Secure Shell server...
         Starting MySQL Community Server...
         Starting Snappy daemon...
[[0;32m  OK  [0m] Started Regular background program processing daemon.
         Starting /etc/rc.local Compatibility...
         Starting Accounts Service...
         Starting LSB: MD monitoring daemon...
         Starting Virtualbox guest utils...
         Starting LXD - container startup/shutdown...
[[0;32m  OK  [0m] Started /etc/rc.local Compatibility.
[[0;32m  OK  [0m] Started Login Service.
[[0;32m  OK  [0m] Started Unattended Upgrades Shutdown.
[[0;32m  OK  [0m] Started System Logging Service.
[[0;32m  OK  [0m] Started LSB: Record successful boot for GRUB.
[[0;32m  OK  [0m] Started LSB: MD monitoring daemon.
[[0;32m  OK  [0m] Started iSCSI initiator daemon (iscsid).
         Starting Login to default iSCSI targets...
[[0;32m  OK  [0m] Started OpenBSD Secure Shell server.
[[0;32m  OK  [0m] Started Login to default iSCSI targets.
[[0;32m  OK  [0m] Reached target Remote File Systems (Pre).
[[0;32m  OK  [0m] Reached target Remote File Systems.
         Starting LSB: automatic crash report generation...
         Starting LSB: Set the CPU Frequency Scaling governor to "ondemand"...
         Starting LSB: daemon to balance interrupts for SMP systems...
         Starting Permit User Sessions...
[[0;32m  OK  [0m] Started Virtualbox guest utils.
[[0;32m  OK  [0m] Started LSB: Set the CPU Frequency Scaling governor to "ondemand".
[[0;32m  OK  [0m] Started Permit User Sessions.
         Starting Hold until boot process finishes up...
         Starting Terminate Plymouth Boot Screen...
[[0;32m  OK  [0m] Started Hold until boot process finishes up.
         Starting Set console scheme...
[[0;32m  OK  [0m] Started Serial Getty on ttyS0.
[[0;32m  OK  [0m] Started Getty on tty1.
[[0;32m  OK  [0m] Reached target Login Prompts.
[[0;32m  OK  [0m] Started Terminate Plymouth Boot Screen.
         Starting Authenticate and Authorize Users to Run Privileged Tasks...
[[0;32m  OK  [0m] Started LSB: daemon to balance interrupts for SMP systems.
[[0;32m  OK  [0m] Started Set console scheme.
[[0;32m  OK  [0m] Started LSB: automatic crash report generation.
[[0;32m  OK  [0m] Created slice User Slice of vagrant.
[[0;32m  OK  [0m] Started Authenticate and Authorize Users to Run Privileged Tasks.
[[0;32m  OK  [0m] Started Accounts Service.
[[0;32m  OK  [0m] Started Session 1 of user vagrant.
         Starting User Manager for UID 1000...
[[0;32m  OK  [0m] Started User Manager for UID 1000.
[[0;32m  OK  [0m] Started Snappy daemon.
         Starting Wait until snapd is fully seeded...
[[0;32m  OK  [0m] Started Wait until snapd is fully seeded.
         Starting Apply the settings specified in cloud-config...
[[0;32m  OK  [0m] Started LXD - container startup/shutdown.
[   15.385395] cloud-init[1410]: Cloud-init v. 19.2-36-g059d049c-0ubuntu2~16.04.1 running 'modules:config' at Mon, 21 Oct 2019 20:06:52 +0000. Up 14.96 seconds.
[[0;32m  OK  [0m] Started Apply the settings specified in cloud-config.
[   19.184534] cloud-init[1634]: Cloud-init v. 19.2-36-g059d049c-0ubuntu2~16.04.1 running 'modules:final' at Mon, 21 Oct 2019 20:06:56 +0000. Up 19.03 seconds.
[   19.186925] cloud-init[1634]: Cloud-init v. 19.2-36-g059d049c-0ubuntu2~16.04.1 finished at Mon, 21 Oct 2019 20:06:57 +0000. Datasource DataSourceNoCloud [seed=/dev/sdb][dsmode=net].  Up 19.17 seconds

Ubuntu 16.04.6 LTS ubuntu-xenial ttyS0

ubuntu-xenial login: 